Connecting to ws://localhost:8000/ws/vitals...
Connected!
Connection failed: sent 1009 (message too big); no close frame received
